// Vitest Snapshot v1, https://vitest.dev/guide/snapshot.html

exports[`generateCodeFrame 1`] = `
"1  |  hi, { 'kazupon' }
   |      ^^^^^^^^^^^^^"
`;
