// Jest Snapshot v1, https://goo.gl/fbAQLP

exports[`linked 1`] = `""`;

exports[`list 1`] = `""`;

exports[`named 1`] = `""`;

exports[`plural 1`] = `""`;

exports[`text 1`] = `""`;
