// Jest Snapshot v1, https://goo.gl/fbAQLP

exports[`transform 1`] = `
Object {
  "body": Object {
    "cases": Array [
      Object {
        "end": 18,
        "items": Array [
          Object {
            "end": 19,
            "key": Object {
              "end": 18,
              "loc": Object {
                "end": Object {
                  "column": 19,
                  "line": 1,
                  "offset": 18,
                },
                "start": Object {
                  "column": 10,
                  "line": 1,
                  "offset": 9,
                },
              },
              "start": 9,
              "type": 7,
              "value": "no apples",
            },
            "loc": Object {
              "end": Object {
                "column": 20,
                "line": 1,
                "offset": 19,
              },
              "start": Object {
                "column": 1,
                "line": 1,
                "offset": 0,
              },
            },
            "modifier": Object {
              "end": 7,
              "loc": Object {
                "end": Object {
                  "column": 8,
                  "line": 1,
                  "offset": 7,
                },
                "start": Object {
                  "column": 2,
                  "line": 1,
                  "offset": 1,
                },
              },
              "start": 1,
              "type": 8,
              "value": "upper",
            },
            "start": 0,
            "type": 6,
          },
        ],
        "loc": Object {
          "end": Object {
            "column": 20,
            "line": 1,
            "offset": 19,
          },
          "start": Object {
            "column": 1,
            "line": 1,
            "offset": 0,
          },
        },
        "start": 0,
        "type": 2,
      },
      Object {
        "end": 25,
        "items": Array [
          Object {
            "end": 25,
            "index": 0,
            "loc": Object {
              "end": Object {
                "column": 26,
                "line": 1,
                "offset": 25,
              },
              "start": Object {
                "column": 23,
                "line": 1,
                "offset": 22,
              },
            },
            "start": 22,
            "type": 5,
          },
          Object {
            "end": 31,
            "loc": Object {
              "end": Object {
                "column": 32,
                "line": 1,
                "offset": 31,
              },
              "start": Object {
                "column": 26,
                "line": 1,
                "offset": 25,
              },
            },
            "start": 25,
            "type": 3,
            "value": " apple",
          },
        ],
        "loc": Object {
          "end": Object {
            "column": 32,
            "line": 1,
            "offset": 31,
          },
          "start": Object {
            "column": 23,
            "line": 1,
            "offset": 22,
          },
        },
        "start": 22,
        "type": 2,
      },
      Object {
        "end": 48,
        "items": Array [
          Object {
            "end": 41,
            "key": "count",
            "loc": Object {
              "end": Object {
                "column": 42,
                "line": 1,
                "offset": 41,
              },
              "start": Object {
                "column": 35,
                "line": 1,
                "offset": 34,
              },
            },
            "start": 34,
            "type": 4,
          },
          Object {
            "end": 48,
            "loc": Object {
              "end": Object {
                "column": 49,
                "line": 1,
                "offset": 48,
              },
              "start": Object {
                "column": 42,
                "line": 1,
                "offset": 41,
              },
            },
            "start": 41,
            "type": 3,
            "value": "ã€€apples",
          },
        ],
        "loc": Object {
          "end": Object {
            "column": 49,
            "line": 1,
            "offset": 48,
          },
          "start": Object {
            "column": 35,
            "line": 1,
            "offset": 34,
          },
        },
        "start": 34,
        "type": 2,
      },
    ],
    "end": 48,
    "loc": Object {
      "end": Object {
        "column": 49,
        "line": 1,
        "offset": 48,
      },
      "start": Object {
        "column": 1,
        "line": 1,
        "offset": 0,
      },
    },
    "start": 0,
    "type": 1,
  },
  "end": 48,
  "loc": Object {
    "end": Object {
      "column": 49,
      "line": 1,
      "offset": 48,
    },
    "start": Object {
      "column": 1,
      "line": 1,
      "offset": 0,
    },
  },
  "needInterpolate": true,
  "start": 0,
  "type": 0,
}
`;
